<html>
<body>
<pre>
<h1>礦ision Build Log</h1>
<h2>Tool Versions:</h2>
IDE-Version: μVision V5.14.0.0
Copyright (C) 2015 ARM Ltd and ARM Germany GmbH. All rights reserved.
License Information: deng Microsoft, Microsoft, LIC=32B1Q-NAPHH-VEVHA-1CNTS-22WWE-X9LHM
 
Tool Versions:
Toolchain:       MDK-ARM Standard  Version: 5.14.0.0
Toolchain Path:  D:\Keil_v5\ARM\ARMCC\Bin
C Compiler:      Armcc.exe V5.05 update 1 (build 106)
Assembler:       Armasm.exe V5.05 update 1 (build 106)
Linker/Locator:  ArmLink.exe V5.05 update 1 (build 106)
Library Manager: ArmAr.exe V5.05 update 1 (build 106)
Hex Converter:   FromElf.exe V5.05 update 1 (build 106)
CPU DLL:         SARMCM3.DLL V5.14.0.0
Dialog DLL:      DCM.DLL V1.13.1.0
Target DLL:      STLink\ST-LINKIII-KEIL_SWO.dll V2.0.14.0_KEIL
Dialog DLL:      TCM.DLL V1.14.4.0
 
<h2>Project:</h2>
C:\Users\Administrator.PC-20210326GALX\Desktop\9.15\USER\ADC.uvprojx
Project File Date:  06/16/2021

<h2>Output:</h2>
Build target 'ADC'
compiling main.c...
..\HARDWARE\PWM\pwm.h(21): warning:  #1295-D: Deprecated declaration pwm_realize - give arg types
   void pwm_realize();
main.c(94): warning:  #1035-D: single-precision operand implicitly converted to double-precision
         tem  =  T1 * T2 * 0.5;
main.c(144): warning:  #174-D: expression has no effect
                 for (i = 0 , j = 0 ; i < N , j < N; i++ , j++)
main.c(172): warning:  #174-D: expression has no effect
                 for (i = 0 , j = 0 ; i < 1 , j < 1; i++ , j++)
main.c(196): warning:  #174-D: expression has no effect
                 for (i = 0 , j = 0 ; i < 2 , j < 2; i++ , j++)
main.c(192): warning:  #177-D: variable "n" was declared but never referenced
        int i = 0, j = 0 , m = 0 , n = 0;       
main.c(303): warning:  #177-D: variable "j" was declared but never referenced
        int i = 0 , j = 0;
main.c(406): warning:  #940-D: missing return statement at end of non-void function "main1"
  }        
main.c(321): warning:  #177-D: variable "a" was declared but never referenced
        int a =0;
main.c(323): warning:  #177-D: variable "adcx" was declared but never referenced
        u16 adcx;
main.c(324): warning:  #177-D: variable "temp" was declared but never referenced
        float temp;
main.c(326): warning:  #177-D: variable "u" was declared but never referenced
        float u  ;    //闭环负反馈系统的输出u
main.c(327): warning:  #177-D: variable "deviation" was declared but never referenced
        float  deviation; // c - u   目标值 - 当前值
main.c(412): warning:  #177-D: variable "A" was declared but never referenced
        double A[M][N] =  {1 , 2 , 3   ,   4 , 5 , 6};
main.c(413): warning:  #177-D: variable "B" was declared but never referenced
        double B[N][M] =  { 1 , 2 ,   3 , 4,    5, 6};
main.c(414): warning:  #177-D: variable "AB" was declared but never referenced
        double AB[M][M] =  { 0 ,0,   0,0};
main.c(416): warning:  #177-D: variable "A2" was declared but never referenced
        double A2[2][1] =  {1 , 2 };
main.c(417): warning:  #177-D: variable "B2" was declared but never referenced
        double B2[1][2] =  { 4 , 5};
main.c(418): warning:  #177-D: variable "AB2" was declared but never referenced
        double AB2[M][M] =  { 0 ,0,   0,0};
main.c(420): warning:  #177-D: variable "C" was declared but never referenced
        double C[2][2] =  {1 , 2 , 3 ,4};
main.c(421): warning:  #177-D: variable "D" was declared but never referenced
        double D[2][2] =  {   3 , 4 , 5 , 6};
main.c(422): warning:  #177-D: variable "E" was declared but never referenced
        double E[2][2] =  { 0 ,0,   0,0};
main.c(425): warning:  #177-D: variable "s" was declared but never referenced
        double s[2][2] = { 1 , 0 , 1 , 0};
main.c(426): warning:  #177-D: variable "matrixA" was declared but never referenced
        double matrixA[2][2] = { 0 , -1 , 1 , 2};
main.c(427): warning:  #177-D: variable "matrixB" was declared but never referenced
        double matrixB[2][1] = { 0 , 1};
main.c(428): warning:  #177-D: variable "tmpMatrix" was declared but never referenced
        double tmpMatrix[2][2] = { 0 , 0 , 0 ,0};
main.c(429): warning:  #177-D: variable "k" was declared but never referenced
        double k = 0 , k2 = 0;
main.c(429): warning:  #177-D: variable "k2" was declared but never referenced
        double k = 0 , k2 = 0;
main.c(430): warning:  #177-D: variable "tmp2" was declared but never referenced
        double tmp2[2][2] = { 0 , 0 , 0 ,0};
main.c(432): warning:  #177-D: variable "tmp3" was declared but never referenced
        double tmp3[2][2] = { 0 , 0, 0 , 0};
main.c(451): warning:  #177-D: variable "adcx" was declared but never referenced
        u16 adcx;
main.c(452): warning:  #177-D: variable "temp" was declared but never referenced
        float temp;
main.c(458): warning:  #177-D: variable "roll_output" was declared but never referenced
        float  roll_output = 0;     //滚动优化输出
main.c: 33 warnings, 0 errors
linking...
Program Size: Code=44520 RO-data=11312 RW-data=176 ZI-data=7848  
FromELF: creating hex file...
"..\OBJ\ADC.axf" - 0 Error(s), 33 Warning(s).

<h2>Collection of Component include folders:</h2>
  C:\Users\Administrator.PC-20210326GALX\Desktop\9.15\USER\RTE
  D:\Keil_v5\ARM\PACK\Keil\STM32F4xx_DFP\1.0.8\Device\Include

<h2>Collection of Component Files used:</h2>
</pre>
</body>
</html>
